5.5 50.5                                                                                 
5.5 50.625                                                                               
5.5 50.75                                                                                
5.5 50.875                                                                               
5.5 51                                                                                   
5.5 51.125                                                                               
5.5 51.25                                                                                
5.5 51.375                                                                               
5.5 51.5                                                                                 
5.5 51.625                                                                              
5.5 51.75                                                                               
5.5 51.875                                                                              
5.5 52                                                                                  
5.5 52.125                                                                              
5.5 52.25                                                                               
5.75 50.5                                                                               
5.75 50.625                                                                             
5.75 50.75                                                                              
5.75 50.875                                                                             
5.75 51                                                                                 
5.75 51.125                                                                             
5.75 51.25                                                                              
5.75 51.375                                                                             
5.75 51.5                                                                               
5.75 51.625                                                                             
5.75 51.75                                                                              
5.75 51.875                                                                             
5.75 52                                                                                 
5.75 52.125                                                                             
5.75 52.25                                                                              
6 50.5                                                                                  
6 50.625                                                                                
6 50.75                                                                                 
6 50.875                                                                                
6 51                                                                                    
6 51.125                                                                                
6 51.25                                                                                 
6 51.375                                                                                
6 51.5                                                                                  
6 51.625                                                                                
6 51.75                                                                                 
6 51.875                                                                                
6 52                                                                                    
6 52.125                                                                                
6 52.25                                                                                 
6.25 50.5                                                                               
6.25 50.625                                                                             
6.25 50.75                                                                              
6.25 50.875                                                                             
6.25 51                                                                                 
6.25 51.125                                                                             
6.25 51.25                                                                              
6.25 51.375                                                                             
6.25 51.5                                                                               
6.25 51.625                                                                             
6.25 51.75                                                                              
6.25 51.875                                                                             
6.25 52                                                                                 
6.25 52.125                                                                             
6.25 52.25                                                                              
6.5 50.5                                                                                
6.5 50.625                                                                              
6.5 50.75                                                                               
6.5 50.875                                                                              
6.5 51                                                                                  
6.5 51.125                                                                              
6.5 51.25                                                                               
6.5 51.375                                                                              
6.5 51.5                                                                                
6.5 51.625                                                                              
6.5 51.75                                                                               
6.5 51.875                                                                              
6.5 52                                                                                  
6.5 52.125                                                                              
6.5 52.25                                                                               
6.75 50.5                                                                               
6.75 50.625                                                                             
6.75 50.75                                                                              
6.75 50.875                                                                             
6.75 51                                                                                 
6.75 51.125                                                                             
6.75 51.25                                                                              
6.75 51.375                                                                             
6.75 51.5                                                                               
6.75 51.625                                                                             
6.75 51.75                                                                              
6.75 51.875                                                                             
6.75 52                                                                                 
6.75 52.125                                                                             
6.75 52.25                                                                              
7 50.5                                                                                  
7 50.625                                                                                
7 50.75                                                                                 
7 50.875                                                                                
7 51                                                                                    
7 51.125                                                                                
7 51.25                                                                                 
7 51.375                                                                                
7 51.5                                                                                  
7 51.625                                                                               
7 51.75                                                                                
7 51.875                                                                               
7 52                                                                                   
7 52.125                                                                               
7 52.25                                                                                
7.25 50.5                                                                              
7.25 50.625                                                                            
7.25 50.75                                                                             
7.25 50.875                                                                            
7.25 51                                                                                
7.25 51.125                                                                            
7.25 51.25                                                                             
7.25 51.375                                                                            
7.25 51.5                                                                              
7.25 51.625                                                                            
7.25 51.75                                                                             
7.25 51.875                                                                            
7.25 52                                                                                
7.25 52.125                                                                            
7.25 52.25                                                                             
