5.5 50.5000000009256                                                                     
5.5 50.6250000009248                                                                     
5.5 50.750000000924                                                                      
5.5 50.8750000009232                                                                     
5.5 51.0000000009223                                                                     
5.5 51.1250000009214                                                                     
5.5 51.2500000009205                                                                     
5.5 51.3750000009196                                                                     
5.5 51.5000000009187                                                                     
5.5 51.6250000009178                                                                    
5.5 51.7500000009168                                                                    
5.5 51.8750000009158                                                                    
5.5 52.0000000009148                                                                    
5.5 52.1250000009138                                                                    
5.5 52.2500000009128                                                                    
5.75 50.5000000009256                                                                   
5.75 50.6250000009248                                                                   
5.75 50.750000000924                                                                    
5.75 50.8750000009232                                                                   
5.75 51.0000000009223                                                                   
5.75 51.1250000009214                                                                   
5.75 51.2500000009205                                                                   
5.75 51.3750000009196                                                                   
5.75 51.5000000009187                                                                   
5.75 51.6250000009178                                                                   
5.75 51.7500000009168                                                                   
5.75 51.8750000009158                                                                   
5.75 52.0000000009149                                                                   
5.75 52.1250000009138                                                                   
5.75 52.2500000009128                                                                   
6 50.5000000009256                                                                      
6 50.6250000009248                                                                      
6 50.750000000924                                                                       
6 50.8750000009232                                                                      
6 51.0000000009223                                                                      
6 51.1250000009214                                                                      
6 51.2500000009205                                                                      
6 51.3750000009196                                                                      
6 51.5000000009187                                                                      
6 51.6250000009178                                                                      
6 51.7500000009168                                                                      
6 51.8750000009158                                                                      
6 52.0000000009149                                                                      
6 52.1250000009138                                                                      
6 52.2500000009128                                                                      
6.25 50.5000000009256                                                                   
6.25 50.6250000009248                                                                   
6.25 50.750000000924                                                                    
6.25 50.8750000009232                                                                   
6.25 51.0000000009223                                                                   
6.25 51.1250000009214                                                                   
6.25 51.2500000009205                                                                   
6.25 51.3750000009196                                                                   
6.25 51.5000000009187                                                                   
6.25 51.6250000009178                                                                   
6.25 51.7500000009168                                                                   
6.25 51.8750000009158                                                                   
6.25 52.0000000009149                                                                   
6.25 52.1250000009138                                                                   
6.25 52.2500000009128                                                                   
6.5 50.5000000009256                                                                    
6.5 50.6250000009248                                                                    
6.5 50.750000000924                                                                     
6.5 50.8750000009232                                                                    
6.5 51.0000000009223                                                                    
6.5 51.1250000009214                                                                    
6.5 51.2500000009205                                                                    
6.5 51.3750000009196                                                                    
6.5 51.5000000009187                                                                    
6.5 51.6250000009178                                                                    
6.5 51.7500000009168                                                                    
6.5 51.8750000009158                                                                    
6.5 52.0000000009149                                                                    
6.5 52.1250000009138                                                                    
6.5 52.2500000009128                                                                    
6.75 50.5000000009256                                                                   
6.75 50.6250000009248                                                                   
6.75 50.750000000924                                                                    
6.75 50.8750000009232                                                                   
6.75 51.0000000009223                                                                   
6.75 51.1250000009214                                                                   
6.75 51.2500000009205                                                                   
6.75 51.3750000009196                                                                   
6.75 51.5000000009187                                                                   
6.75 51.6250000009178                                                                   
6.75 51.7500000009168                                                                   
6.75 51.8750000009158                                                                   
6.75 52.0000000009149                                                                   
6.75 52.1250000009138                                                                   
6.75 52.2500000009128                                                                   
7 50.5000000009256                                                                      
7 50.6250000009248                                                                      
7 50.750000000924                                                                       
7 50.8750000009232                                                                      
7 51.0000000009223                                                                      
7 51.1250000009214                                                                      
7 51.2500000009205                                                                      
7 51.3750000009196                                                                      
7 51.5000000009187                                                                      
7 51.6250000009178                                                                     
7 51.7500000009168                                                                     
7 51.8750000009158                                                                     
7 52.0000000009149                                                                     
7 52.1250000009138                                                                     
7 52.2500000009128                                                                     
7.25 50.5000000009256                                                                  
7.25 50.6250000009248                                                                  
7.25 50.750000000924                                                                   
7.25 50.8750000009232                                                                  
7.25 51.0000000009223                                                                  
7.25 51.1250000009214                                                                  
7.25 51.2500000009205                                                                  
7.25 51.3750000009196                                                                  
7.25 51.5000000009187                                                                  
7.25 51.6250000009178                                                                  
7.25 51.7500000009168                                                                  
7.25 51.8750000009158                                                                  
7.25 52.0000000009149                                                                  
7.25 52.1250000009138                                                                  
7.25 52.2500000009128                                                                  
